SERVER_HANDSHAKE_TRAFFIC_SECRET 387411cb00d811bb338f95e4527569eb2593f765aac0d613be7440844239e839 3ddbf09b272da369f42e37be293f0d7da16c07416c281f9099badf6fc2c38474d682512178a152884bab6a6ecd6ce75a
EXPORTER_SECRET 387411cb00d811bb338f95e4527569eb2593f765aac0d613be7440844239e839 e922e4c5a504ce24a255c5182934d37c2a1ac36e612f5239ceefa778c682a2f532746de201cba14652d0641fa33363e4
SERVER_TRAFFIC_SECRET_0 387411cb00d811bb338f95e4527569eb2593f765aac0d613be7440844239e839 b1fd228a10ebc713cbd51518df401dce5bc7f253d871b342406902805da31912688e9c10e1624c602bd66e87e027326e
CLIENT_HANDSHAKE_TRAFFIC_SECRET 387411cb00d811bb338f95e4527569eb2593f765aac0d613be7440844239e839 74e8a253320ad3f5fb32d7c16d31096afab5cdbea3423753805cc3b960847493641000614a8e643a67a3ca69e6595dde
CLIENT_TRAFFIC_SECRET_0 387411cb00d811bb338f95e4527569eb2593f765aac0d613be7440844239e839 423ba7e3befe876c0a8f7fb4fc1ea148e4647a5aaea852af716d4ae559cc988fff7319c36151d8c21c232a952f6d690b
SERVER_HANDSHAKE_TRAFFIC_SECRET cb69c96fc9f0bee47adb46c050ec8ae9eb3d0a52fca956dc9d2f998030a2fe4b d43a2d107809a1c29b77fb513d5464062783b6b479bbb6d6611ef83cb0c513cd9f79d7108ecceb38cc38e7473086a128
EXPORTER_SECRET cb69c96fc9f0bee47adb46c050ec8ae9eb3d0a52fca956dc9d2f998030a2fe4b ce048b233f02c2cca0258c7989271811452e08a364f37a408cd958b1c8c984f4016f5e3d03245544b0e4e53e62f6f7d4
SERVER_TRAFFIC_SECRET_0 cb69c96fc9f0bee47adb46c050ec8ae9eb3d0a52fca956dc9d2f998030a2fe4b c2f4af7c93b4c723b7c88214fa49b3c809e2d8cda6e912b7aa7386af4c0565b2094dd7f2a25be1f9faa417cbef6b28b0
CLIENT_HANDSHAKE_TRAFFIC_SECRET cb69c96fc9f0bee47adb46c050ec8ae9eb3d0a52fca956dc9d2f998030a2fe4b db224e9e59ddb0a5e0f3ef3030129ba0ad00cbf6107e0735b20eb867760f2cb4dfb69603134c9464f61f6742b730a8bf
CLIENT_TRAFFIC_SECRET_0 cb69c96fc9f0bee47adb46c050ec8ae9eb3d0a52fca956dc9d2f998030a2fe4b ebcd35581360e7b806b2fc2944724733c6dee2ede1a24d58218b11c18f3795da4e5a822977c0103680b22f714c325bfe
SERVER_HANDSHAKE_TRAFFIC_SECRET e12a01e14f63c3c7278eb8619ddea0c7349c6c3899e59bbdce3b4c48a0ff1484 8a6e38766e1dc52aad00a5faa021404347d5c51b84222d3408de71e2fa01a2e9fa388e441eb5a0e32d605e32eb62c15c
EXPORTER_SECRET e12a01e14f63c3c7278eb8619ddea0c7349c6c3899e59bbdce3b4c48a0ff1484 6ab9121901990e63d606bac3637f574d0b176e16b6cf36bde992ce519808b179a8bf4d728a08c5e73c857574709c068b
SERVER_TRAFFIC_SECRET_0 e12a01e14f63c3c7278eb8619ddea0c7349c6c3899e59bbdce3b4c48a0ff1484 0fd641eb188cf34db5c30780b6c745d5f08f798d548c75c177e4faba5275970a6b0c271ed43444845eeaf497230e9c4a
CLIENT_HANDSHAKE_TRAFFIC_SECRET e12a01e14f63c3c7278eb8619ddea0c7349c6c3899e59bbdce3b4c48a0ff1484 9f28938e2c82d4dfe81e91c7e3636d1d230fa6dbe3cfe7ccc7f2742f0c1eec823207dd841b8ac2cfc97cb22215df6f9d
CLIENT_TRAFFIC_SECRET_0 e12a01e14f63c3c7278eb8619ddea0c7349c6c3899e59bbdce3b4c48a0ff1484 926513afa747ee9062901c54f74d76e7d3df32500036af3533ce48cf6822946d3dd44964be82f8b20b9c78ee6b8448a1
SERVER_HANDSHAKE_TRAFFIC_SECRET 08275bd289d05e09c80972aca745dfdae9f9afe04f2029d52f51e5d9e9c8f823 8d8256b371da7eb3bf0397d9a88d77907ef356905d7207dcecee6d35c4e6005f8253269ce1ba56f05c8a46a82a27062b
EXPORTER_SECRET 08275bd289d05e09c80972aca745dfdae9f9afe04f2029d52f51e5d9e9c8f823 c18fd61e855410d9f800f8fb401e1928dbcb8b32d224b451c631a27fecb437fb63d727f9e77970b89f4db0dbf48c7fd2
SERVER_TRAFFIC_SECRET_0 08275bd289d05e09c80972aca745dfdae9f9afe04f2029d52f51e5d9e9c8f823 a9d4d4e683c2348135a93cdb768b59722684c4da5a3accd4d449c823a41eb4b2470f7b133a5e25ef478a93c496cc7c17
CLIENT_HANDSHAKE_TRAFFIC_SECRET 08275bd289d05e09c80972aca745dfdae9f9afe04f2029d52f51e5d9e9c8f823 06514c9afe789a542e403c42134690bc29e8e9a552837725471f82e1bc6a16408a145021094aa8aa8cb080f4265c949b
CLIENT_TRAFFIC_SECRET_0 08275bd289d05e09c80972aca745dfdae9f9afe04f2029d52f51e5d9e9c8f823 30a95e9bfa0e04378f099605aebdcf2a5d2f55fd085ed83140380badac1f1b7382e751e9e4114baba3058bbb1a7b0133
SERVER_HANDSHAKE_TRAFFIC_SECRET fc72ebc4b6b81c2a1f4b553496503ec0a1ece8611cbb32d486a882222afa2303 a31734ac1a083af613f34ad1eb8eef11e95a3b3eea536b8d870b5a85a89e9a521588dec1ba597dbdd5f4bab07d96476f
EXPORTER_SECRET fc72ebc4b6b81c2a1f4b553496503ec0a1ece8611cbb32d486a882222afa2303 66b7a29c186664fbcd90fdd5def7ed98c683c072ff8e17fb96b00123308c0ebdfb8a5bd105357ac2a0272d903f0df94e
SERVER_TRAFFIC_SECRET_0 fc72ebc4b6b81c2a1f4b553496503ec0a1ece8611cbb32d486a882222afa2303 76b59594a69e10db879eb5bba2c0b83edfbf6b863ad4374117554c17d3c7821c8ea8afda491b5c145b4d1f9cd9c2ed13
CLIENT_HANDSHAKE_TRAFFIC_SECRET fc72ebc4b6b81c2a1f4b553496503ec0a1ece8611cbb32d486a882222afa2303 88815990c1ad38446393fe67d2fad899eb22d7448f4764696f45de2d504b2785ec9e7f5f34800890ab99da69d0d132f8
CLIENT_TRAFFIC_SECRET_0 fc72ebc4b6b81c2a1f4b553496503ec0a1ece8611cbb32d486a882222afa2303 5f2277818d8f56dbb3042e08becb06a7955a25d19634c11882057debd5ec27c11222f6717a474ec9f19fc4b616347cf9
SERVER_HANDSHAKE_TRAFFIC_SECRET c89cf99ccf3f90c66a9a7a05a6371c4c77c9966d621b2ab6fb1cad0d1d3cddf0 d0a6fa953228b1989ec9e9873e803a31b093941fbf047a5db21b1a62a88ee87f808c8c566821f62e7a31e456a2b0d60d
EXPORTER_SECRET c89cf99ccf3f90c66a9a7a05a6371c4c77c9966d621b2ab6fb1cad0d1d3cddf0 cbd69678581b81aeac33db0b4e65d300d0bb521e9dbe775501a4fded941fe9defc2119d90564d3532002f86d90996e08
SERVER_TRAFFIC_SECRET_0 c89cf99ccf3f90c66a9a7a05a6371c4c77c9966d621b2ab6fb1cad0d1d3cddf0 01ef0ba0cd12d834ea7ad23f7bc3ed06a6d2215e40566ff364ecdf83c9b5e9ebebd27dd23b6a9a00e748f9d78e3b2f1d
CLIENT_HANDSHAKE_TRAFFIC_SECRET c89cf99ccf3f90c66a9a7a05a6371c4c77c9966d621b2ab6fb1cad0d1d3cddf0 713f9787b5cfe0cb424917752691ffc5693070cd97a646979e466c31c351a964d9e2f6ba9d2bb56bb49aff5a465d1b72
CLIENT_TRAFFIC_SECRET_0 c89cf99ccf3f90c66a9a7a05a6371c4c77c9966d621b2ab6fb1cad0d1d3cddf0 b731fe685197ca529411c25e02c19f47fe78c4b0a6e925b0ec5bdc9ddcb6452a499c47d11cc0bc24ee38404542f24e88
